
> jobs-report@1.0.0 build
> tsc && vite build

src/App.tsx(35,3): error TS6133: 'Play' is declared but its value is never read.
src/App.tsx(36,3): error TS6133: 'ShieldCheck' is declared but its value is never read.
src/App.tsx(37,3): error TS6133: 'TrendingUp' is declared but its value is never read.
src/App.tsx(38,3): error TS6133: 'Zap' is declared but its value is never read.
src/PresentationView.tsx(3,32): error TS2307: Cannot find module 'react-i18next' or its corresponding type declarations.
src/PresentationView.tsx(119,36): error TS2339: Property 'setLanguage' does not exist on type '{ lang: Language; setLang: (l: Language) => void; t: (key: "operator" | "supervisor" | "active" | "inactive" | "hourly" | "fixed" | "closed" | "subcontractors" | "name" | ... 355 more ... | "terms") => string; }'.
src/PresentationView.tsx(125,34): error TS2339: Property 'setLanguage' does not exist on type '{ lang: Language; setLang: (l: Language) => void; t: (key: "operator" | "supervisor" | "active" | "inactive" | "hourly" | "fixed" | "closed" | "subcontractors" | "name" | ... 355 more ... | "terms") => string; }'.
src/PresentationView.tsx(171,46): error TS2322: Type 'string | number | symbol' is not assignable to type 'ReactNode'.
  Type 'symbol' is not assignable to type 'ReactNode'.
