src/App.tsx(1320,23): error TS2345: Argument of type '{ projectId: string; date: string; startTime: string; endTime: string; breakHours: number; manualTotalHours: undefined; description: string; expenses: never[]; additionalWorkers: never[]; }' is not assignable to parameter of type 'SetStateAction<{ projectId: string; date: string; startTime: string; endTime: string; breakHours: number; manualTotalHours: number | undefined; description: string; expenses: Expense[]; additionalWorkers: AdditionalWorker[]; invoiceStatus: string; }>'.
  Property 'invoiceStatus' is missing in type '{ projectId: string; date: string; startTime: string; endTime: string; breakHours: number; manualTotalHours: undefined; description: string; expenses: never[]; additionalWorkers: never[]; }' but required in type '{ projectId: string; date: string; startTime: string; endTime: string; breakHours: number; manualTotalHours: number | undefined; description: string; expenses: Expense[]; additionalWorkers: AdditionalWorker[]; invoiceStatus: string; }'.
