src/App.tsx(1947,22): error TS2345: Argument of type '"messagesTab"' is not assignable to parameter of type '"operator" | "supervisor" | "active" | "inactive" | "hourly" | "fixed" | "closed" | "role" | "project" | "subcontractors" | "name" | "date" | "username" | "companies" | "clients" | ... 460 more ... | "emailAlreadyInUse"'.
src/services/dbService.ts(1,39): error TS6133: 'ProjectMessage' is declared but its value is never read.
src/translations.ts(942,5): error TS1117: An object literal cannot have multiple properties with the same name.
src/translations.ts(943,5): error TS1117: An object literal cannot have multiple properties with the same name.
src/translations.ts(944,5): error TS1117: An object literal cannot have multiple properties with the same name.
src/translations.ts(945,5): error TS1117: An object literal cannot have multiple properties with the same name.
src/translations.ts(946,5): error TS1117: An object literal cannot have multiple properties with the same name.
src/translations.ts(947,5): error TS1117: An object literal cannot have multiple properties with the same name.
